\BOOKMARK [1][-]{section.1}{\376\377\000I\000n\000t\000r\000o\000d\000u\000c\000t\000i\000o\000n}{}% 1
\BOOKMARK [2][-]{subsection.1.1}{\376\377\000B\000a\000c\000k\000g\000r\000o\000u\000n\000d\000\040\000a\000n\000d\000\040\000M\000o\000t\000i\000v\000a\000t\000i\000o\000n}{section.1}% 2
\BOOKMARK [2][-]{subsection.1.2}{\376\377\000L\000i\000t\000e\000r\000a\000t\000u\000r\000e\000\040\000R\000e\000v\000i\000e\000w}{section.1}% 3
\BOOKMARK [2][-]{subsection.1.3}{\376\377\000R\000e\000s\000t\000a\000t\000e\000m\000e\000n\000t\000\040\000o\000f\000\040\000t\000h\000e\000\040\000P\000r\000o\000b\000l\000e\000m}{section.1}% 4
\BOOKMARK [1][-]{section.2}{\376\377\000A\000s\000s\000u\000m\000p\000t\000i\000o\000n\000s\000\040\000a\000n\000d\000\040\000N\000o\000t\000a\000t\000i\000o\000n\000s}{}% 5
\BOOKMARK [2][-]{subsection.2.1}{\376\377\000G\000e\000n\000e\000r\000a\000l\000\040\000A\000s\000s\000u\000m\000p\000t\000i\000o\000n\000s}{section.2}% 6
\BOOKMARK [2][-]{subsection.2.2}{\376\377\000N\000o\000t\000a\000t\000i\000o\000n\000\040\000D\000e\000f\000i\000n\000i\000t\000i\000o\000n}{section.2}% 7
\BOOKMARK [1][-]{section.3}{\376\377\000D\000a\000t\000a\000\040\000S\000o\000u\000r\000c\000e\000s}{}% 8
\BOOKMARK [2][-]{subsection.3.1}{\376\377\000D\000a\000t\000a\000\040\000D\000e\000s\000c\000r\000i\000p\000t\000i\000o\000n\000\040\000a\000n\000d\000\040\000T\000a\000s\000k\000\040\000D\000N\000A\000\040\000S\000o\000u\000r\000c\000e}{section.3}% 9
\BOOKMARK [1][-]{section.4}{\376\377\000M\000o\000d\000e\000l\000\040\000C\000o\000n\000s\000t\000r\000u\000c\000t\000i\000o\000n\000\040\000a\000n\000d\000\040\000I\000m\000p\000l\000e\000m\000e\000n\000t\000a\000t\000i\000o\000n}{}% 10
\BOOKMARK [2][-]{subsection.4.1}{\376\377\000C\000a\000r\000e\000e\000r\000\040\000S\000e\000l\000e\000c\000t\000i\000o\000n\000\040\000a\000s\000\040\000a\000\040\000M\000o\000d\000e\000l\000e\000d\000\040\000D\000e\000c\000i\000s\000i\000o\000n}{section.4}% 11
\BOOKMARK [3][-]{subsubsection.4.1.1}{\376\377\000O\000b\000j\000e\000c\000t\000i\000f\000y\000i\000n\000g\000\040\000C\000a\000r\000e\000e\000r\000\040\000F\000e\000a\000t\000u\000r\000e\000\040\000P\000a\000r\000a\000m\000e\000t\000e\000r\000s\000\040\000w\000i\000t\000h\000\040\000O\000*\000N\000E\000T}{subsection.4.1}% 12
\BOOKMARK [3][-]{subsubsection.4.1.2}{\376\377\000R\000e\000v\000i\000s\000i\000o\000n\000\040\000a\000n\000d\000\040\000F\000i\000n\000a\000l\000\040\000C\000o\000n\000f\000i\000g\000u\000r\000a\000t\000i\000o\000n\000\040\000o\000f\000\040\000S\000e\000l\000e\000c\000t\000e\000d\000\040\000O\000c\000c\000u\000p\000a\000t\000i\000o\000n\000s}{subsection.4.1}% 13
\BOOKMARK [2][-]{subsection.4.2}{\376\377\000M\000o\000d\000e\000l\000\040\000S\000e\000l\000e\000c\000t\000i\000o\000n\000\040\000f\000o\000r\000\040\000O\000c\000c\000u\000p\000a\000t\000i\000o\000n\000a\000l\000\040\000E\000v\000o\000l\000u\000t\000i\000o\000n}{section.4}% 14
\BOOKMARK [3][-]{subsubsection.4.2.1}{\376\377\000C\000o\000m\000p\000u\000t\000a\000b\000l\000e\000\040\000D\000e\000f\000i\000n\000i\000t\000i\000o\000n\000\040\000o\000f\000\040\000F\000u\000t\000u\000r\000e\000\040\000E\000v\000o\000l\000u\000t\000i\000o\000n}{subsection.4.2}% 15
\BOOKMARK [3][-]{subsubsection.4.2.2}{\376\377\000C\000o\000m\000p\000a\000r\000i\000s\000o\000n\000\040\000o\000f\000\040\000C\000a\000n\000d\000i\000d\000a\000t\000e\000\040\000M\000o\000d\000e\000l\000i\000n\000g\000\040\000A\000p\000p\000r\000o\000a\000c\000h\000e\000s}{subsection.4.2}% 16
\BOOKMARK [3][-]{subsubsection.4.2.3}{\376\377\000F\000i\000n\000a\000l\000\040\000M\000o\000d\000e\000l\000\040\000C\000h\000o\000i\000c\000e}{subsection.4.2}% 17
\BOOKMARK [2][-]{subsection.4.3}{\376\377\000T\000a\000s\000k\000-\000A\000g\000g\000r\000e\000g\000a\000t\000e\000\040\000D\000y\000n\000a\000m\000i\000c\000\040\000M\000o\000d\000e\000l\000\040\000o\000f\000\040\000O\000c\000c\000u\000p\000a\000t\000i\000o\000n\000a\000l\000\040\000E\000v\000o\000l\000u\000t\000i\000o\000n}{section.4}% 18
\BOOKMARK [3][-]{subsubsection.4.3.1}{\376\377\000T\000a\000s\000k\000\040\000A\000g\000g\000r\000e\000g\000a\000t\000i\000o\000n\000\040\000a\000n\000d\000\040\000O\000c\000c\000u\000p\000a\000t\000i\000o\000n\000a\000l\000\040\000D\000y\000n\000a\000m\000i\000c\000s}{subsection.4.3}% 19
\BOOKMARK [2][-]{subsection.4.4}{\376\377\000G\000e\000n\000A\000I\000\040\000C\000a\000p\000a\000b\000i\000l\000i\000t\000y\000-\000D\000i\000m\000e\000n\000s\000i\000o\000n\000\040\000S\000c\000o\000r\000i\000n\000g\000\040\000f\000r\000o\000m\000\040\000A\000u\000t\000h\000o\000r\000i\000t\000a\000t\000i\000v\000e\000\040\000R\000e\000p\000o\000r\000t\000s\000:\000\040\000S\000c\000a\000l\000e\000\040\000D\000e\000f\000i\000n\000i\000t\000i\000o\000n\000\040\000a\000n\000d\000\040\000E\000v\000i\000d\000e\000n\000c\000e\000\040\000N\000a\000r\000r\000a\000t\000i\000v\000e}{section.4}% 20
\BOOKMARK [3][-]{subsubsection.4.4.1}{\376\377\000S\000c\000a\000l\000e\000\040\000D\000e\000f\000i\000n\000i\000t\000i\000o\000n}{subsection.4.4}% 21
\BOOKMARK [3][-]{subsubsection.4.4.2}{\376\377\000C\000a\000p\000a\000b\000i\000l\000i\000t\000y\000\040\000E\000v\000i\000d\000e\000n\000c\000e\000\040\000b\000y\000\040\000T\000a\000s\000k\000\040\000T\000y\000p\000e\000\040\000\050\000N\000a\000r\000r\000a\000t\000i\000v\000e\000\040\000J\000u\000s\000t\000i\000f\000i\000c\000a\000t\000i\000o\000n\000\051}{subsection.4.4}% 22
\BOOKMARK [2][-]{subsection.4.5}{\376\377\000A\000u\000t\000h\000o\000r\000i\000t\000a\000t\000i\000v\000e\000\040\000E\000v\000a\000l\000u\000a\000t\000i\000o\000n\000\040\000D\000r\000i\000v\000e\000n\000\040\000R\000e\000l\000a\000b\000e\000l\000i\000n\000g\000\040\000o\000f\000\040\000T\000a\000s\000k\000\040\000I\000m\000p\000a\000c\000t\000s\000:\000\040\000F\000r\000o\000m\000\040\000K\000e\000y\000w\000o\000r\000d\000\040\000T\000a\000g\000g\000i\000n\000g\000\040\000t\000o\000\040\000C\000a\000p\000a\000b\000i\000l\000i\000t\000y\000-\000D\000i\000m\000e\000n\000s\000i\000o\000n\000\040\000A\000s\000s\000i\000g\000n\000m\000e\000n\000t}{section.4}% 23
\BOOKMARK [2][-]{subsection.4.6}{\376\377\000A\000g\000g\000r\000e\000g\000a\000t\000i\000n\000g\000\040\000T\000a\000s\000k\000\040\000D\000N\000A\000\040\000i\000n\000t\000o\000\040\000O\000c\000c\000u\000p\000a\000t\000i\000o\000n\000-\000L\000e\000v\000e\000l\000\040\000S\000h\000o\000c\000k\000\040\000P\000a\000r\000a\000m\000e\000t\000e\000r\000s\000:\000\040\000S\000o\000f\000t\000w\000a\000r\000e\000\040\000D\000e\000v\000e\000l\000o\000p\000e\000r\000s}{section.4}% 24
\BOOKMARK [3][-]{subsubsection.4.6.1}{\376\377\000T\000o\000p\000-\000N\000\040\000A\000v\000a\000i\000l\000a\000b\000i\000l\000i\000t\000y\000\040\000a\000n\000d\000\040\000A\000g\000g\000r\000e\000g\000a\000t\000i\000o\000n}{subsection.4.6}% 25
\BOOKMARK [3][-]{subsubsection.4.6.2}{\376\377\000I\000n\000t\000e\000r\000p\000r\000e\000t\000a\000b\000i\000l\000i\000t\000y\000\040\000D\000e\000c\000o\000m\000p\000o\000s\000i\000t\000i\000o\000n\000:\000\040\000T\000o\000p\000-\000K\000\040\000C\000o\000n\000t\000r\000i\000b\000u\000t\000i\000o\000n\000\040\000L\000o\000w\000e\000r\000\040\000B\000o\000u\000n\000d\000s}{subsection.4.6}% 26
\BOOKMARK [3][-]{subsubsection.4.6.3}{\376\377\000V\000a\000l\000i\000d\000i\000t\000y\000\040\000C\000h\000e\000c\000k\000\040\000o\000f\000\040\000t\000h\000e\000\040\000S\000c\000o\000r\000i\000n\000g\000\040\000R\000u\000l\000e\000:\000\040\000A\000v\000o\000i\000d\000i\000n\000g\000\040\000N\000e\000a\000r\000-\000C\000o\000n\000s\000t\000a\000n\000t\000\040\000s\000/\000c}{subsection.4.6}% 27
\BOOKMARK [3][-]{subsubsection.4.6.4}{\376\377\000M\000i\000n\000i\000m\000a\000l\000\040\000C\000a\000l\000i\000b\000r\000a\000t\000i\000o\000n\000:\000\040\000C\000a\000t\000e\000g\000o\000r\000y\000\040\000D\000e\000f\000a\000u\000l\000t\000s\000\040\000w\000i\000t\000h\000\040\000L\000i\000m\000i\000t\000e\000d\000\040\000M\000a\000n\000u\000a\000l\000\040\000R\000e\000v\000i\000e\000w}{subsection.4.6}% 28
\BOOKMARK [1][-]{section.5}{\376\377\000M\000e\000c\000h\000a\000n\000i\000s\000t\000i\000c\000\040\000P\000o\000w\000e\000r\000\040\000C\000h\000e\000c\000k\000\040\000a\000n\000d\000\040\000O\000c\000c\000u\000p\000a\000t\000i\000o\000n\000-\000L\000e\000v\000e\000l\000\040\000A\000g\000g\000r\000e\000g\000a\000t\000i\000o\000n\000\040\000A\000f\000t\000e\000r\000\040\000A\000u\000t\000h\000o\000r\000i\000t\000a\000t\000i\000v\000e\000\040\000R\000e\000l\000a\000b\000e\000l\000i\000n\000g\000\040\000\050\000S\000o\000f\000t\000w\000a\000r\000e\000\040\000D\000e\000v\000e\000l\000o\000p\000e\000r\000\051}{}% 29
\BOOKMARK [2][-]{subsection.5.1}{\376\377\000O\000c\000c\000u\000p\000a\000t\000i\000o\000n\000-\000L\000e\000v\000e\000l\000\040\000S\000h\000o\000c\000k\000\040\000A\000g\000g\000r\000e\000g\000a\000t\000e\000s}{section.5}% 30
\BOOKMARK [2][-]{subsection.5.2}{\376\377\000D\000i\000a\000g\000n\000o\000s\000t\000i\000c\000s\000:\000\040\000H\000e\000t\000e\000r\000o\000g\000e\000n\000e\000i\000t\000y\000\040\000a\000n\000d\000\040\000E\000f\000f\000e\000c\000t\000i\000v\000e\000\040\000D\000i\000v\000e\000r\000s\000i\000t\000y}{section.5}% 31
\BOOKMARK [2][-]{subsection.5.3}{\376\377\000E\000n\000g\000i\000n\000e\000e\000r\000i\000n\000g\000\040\000T\000h\000r\000e\000s\000h\000o\000l\000d\000s\000\040\000a\000n\000d\000\040\000A\000c\000t\000i\000o\000n\000s\000\040\000\050\000G\000a\000t\000e\000k\000e\000e\000p\000i\000n\000g\000\040\000B\000e\000f\000o\000r\000e\000\040\000E\000\050\000t\000\051\000\051}{section.5}% 32
\BOOKMARK [1][-]{section.6}{\376\377\000C\000o\000n\000s\000i\000s\000t\000e\000n\000c\000y\000\040\000C\000h\000e\000c\000k\000\040\000a\000n\000d\000\040\000I\000n\000s\000t\000a\000n\000t\000i\000a\000t\000i\000n\000g\000\040\000t\000h\000e\000\040\000E\000v\000o\000l\000u\000t\000i\000o\000n\000\040\000E\000q\000u\000a\000t\000i\000o\000n\000:\000\040\000\050\000,\000,\000\051\000\040\000f\000o\000r\000\040\000S\000o\000f\000t\000w\000a\000r\000e\000\040\000D\000e\000v\000e\000l\000o\000p\000e\000r\000s}{}% 33
\BOOKMARK [2][-]{subsection.6.1}{\376\377\000A\000g\000g\000r\000e\000g\000a\000t\000e\000s\000\040\000a\000n\000d\000\040\000C\000o\000n\000s\000i\000s\000t\000e\000n\000c\000y\000\040\000C\000h\000e\000c\000k}{section.6}% 34
\BOOKMARK [2][-]{subsection.6.2}{\376\377\000M\000e\000c\000h\000a\000n\000i\000s\000t\000i\000c\000\040\000P\000o\000w\000e\000r\000\040\000\050\000H\000e\000t\000e\000r\000o\000g\000e\000n\000e\000i\000t\000y\000\051\000\040\000C\000h\000e\000c\000k\000:\000\040\000N\000o\000\040\000S\000c\000o\000r\000e\000\040\000C\000o\000l\000l\000a\000p\000s\000e}{section.6}% 35
\BOOKMARK [2][-]{subsection.6.3}{\376\377\000M\000i\000n\000i\000m\000a\000l\000\040\000S\000e\000n\000s\000i\000t\000i\000v\000i\000t\000y\000\040\000f\000o\000r\000\040\000a\000\040\000L\000o\000w\000-\000C\000o\000n\000f\000i\000d\000e\000n\000c\000e\000\040\000T\000a\000s\000k\000\040\000\050\000U\000p\000p\000e\000r\000-\000B\000o\000u\000n\000d\000\040\000A\000r\000g\000u\000m\000e\000n\000t\000\051}{section.6}% 36
\BOOKMARK [2][-]{subsection.6.4}{\376\377\000P\000r\000o\000c\000e\000e\000d\000i\000n\000g\000\040\000t\000o\000\040\000O\000c\000c\000u\000p\000a\000t\000i\000o\000n\000a\000l\000\040\000E\000v\000o\000l\000u\000t\000i\000o\000n\000\040\000A\000f\000t\000e\000r\000\040\000F\000i\000x\000i\000n\000g\000\040}{section.6}% 37
\BOOKMARK [1][-]{section.7}{\376\377\000T\000a\000s\000k\000-\000L\000e\000v\000e\000l\000\040\000F\000u\000n\000c\000t\000i\000o\000n\000a\000l\000\040\000D\000e\000m\000a\000n\000d\000\040\000M\000o\000d\000e\000l\000\040\000a\000n\000d\000\040\000O\000c\000c\000u\000p\000a\000t\000i\000o\000n\000a\000l\000\040\000R\000e\000d\000e\000f\000i\000n\000i\000t\000i\000o\000n}{}% 38
\BOOKMARK [2][-]{subsection.7.1}{\376\377\000T\000a\000s\000k\000-\000L\000e\000v\000e\000l\000\040\000F\000u\000n\000c\000t\000i\000o\000n\000a\000l\000\040\000D\000e\000m\000a\000n\000d\000\040\000M\000o\000d\000e\000l\000\040\000\050\000R\000e\000p\000l\000a\000c\000i\000n\000g\000\040\000O\000c\000c\000u\000p\000a\000t\000i\000o\000n\000-\000L\000e\000v\000e\000l\000\040\000J\000o\000b\000\040\000C\000o\000u\000n\000t\000s\000\051}{section.7}% 39
\BOOKMARK [3][-]{subsubsection.7.1.1}{\376\377\000M\000o\000d\000e\000l\000i\000n\000g\000\040\000O\000b\000j\000e\000c\000t\000i\000v\000e\000\040\000a\000n\000d\000\040\000N\000o\000t\000a\000t\000i\000o\000n}{subsection.7.1}% 40
\BOOKMARK [3][-]{subsubsection.7.1.2}{\376\377\000T\000w\000o\000-\000C\000h\000a\000n\000n\000e\000l\000\040\000D\000y\000n\000a\000m\000i\000c\000s\000:\000\040\000A\000u\000t\000o\000m\000a\000t\000i\000o\000n\000\040\000a\000n\000d\000\040\000S\000c\000a\000l\000i\000n\000g}{subsection.7.1}% 41
\BOOKMARK [3][-]{subsubsection.7.1.3}{\376\377\000A\000d\000o\000p\000t\000i\000o\000n\000\040\000S\000c\000e\000n\000a\000r\000i\000o\000s\000\040\000A\000\050\000t\000\051}{subsection.7.1}% 42
\BOOKMARK [3][-]{subsubsection.7.1.4}{\376\377\000O\000c\000c\000u\000p\000a\000t\000i\000o\000n\000a\000l\000\040\000R\000e\000d\000e\000f\000i\000n\000i\000t\000i\000o\000n\000\040\000T\000r\000i\000g\000g\000e\000r\000s\000\040\000\050\000C\000h\000a\000n\000g\000e\000\040\000i\000n\000\040\000t\000h\000e\000\040\000N\000a\000t\000u\000r\000e\000\040\000o\000f\000\040\000W\000o\000r\000k\000\051}{subsection.7.1}% 43
\BOOKMARK [3][-]{subsubsection.7.1.5}{\376\377\000C\000o\000m\000p\000u\000t\000a\000t\000i\000o\000n\000\040\000A\000l\000g\000o\000r\000i\000t\000h\000m\000\040\000\050\000R\000e\000p\000r\000o\000d\000u\000c\000i\000b\000l\000e\000\040\000W\000o\000r\000k\000f\000l\000o\000w\000\051}{subsection.7.1}% 44
\BOOKMARK [3][-]{subsubsection.7.1.6}{\376\377\000P\000a\000r\000a\000m\000e\000t\000e\000r\000\040\000T\000a\000b\000l\000e\000\040\000\050\000T\000o\000\040\000B\000e\000\040\000I\000n\000s\000t\000a\000n\000t\000i\000a\000t\000e\000d\000\051}{subsection.7.1}% 45
\BOOKMARK [2][-]{subsection.7.2}{\376\377\000V\000i\000s\000u\000a\000l\000i\000z\000a\000t\000i\000o\000n\000\040\000P\000l\000a\000n}{section.7}% 46
\BOOKMARK [3][-]{subsubsection.7.2.1}{\376\377\000F\000i\000g\000u\000r\000e\000\040\000T\000e\000m\000p\000l\000a\000t\000e\000s}{subsection.7.2}% 47
\BOOKMARK [2][-]{subsection.7.3}{\376\377\000S\000e\000n\000s\000i\000t\000i\000v\000i\000t\000y\000\040\000a\000n\000d\000\040\000R\000o\000b\000u\000s\000t\000n\000e\000s\000s}{section.7}% 48
\BOOKMARK [3][-]{subsubsection.7.3.1}{\376\377\000L\000o\000w\000-\000C\000o\000n\000f\000i\000d\000e\000n\000c\000e\000\040\000T\000a\000s\000k\000\040\000S\000e\000n\000s\000i\000t\000i\000v\000i\000t\000y}{subsection.7.3}% 49
\BOOKMARK [3][-]{subsubsection.7.3.2}{\376\377\000K\000e\000y\000-\000P\000a\000r\000a\000m\000e\000t\000e\000r\000\040\000S\000e\000n\000s\000i\000t\000i\000v\000i\000t\000y}{subsection.7.3}% 50
\BOOKMARK [2][-]{subsection.7.4}{\376\377\000O\000u\000t\000p\000u\000t\000\040\000S\000u\000m\000m\000a\000r\000y\000\040\000T\000e\000m\000p\000l\000a\000t\000e\000\040\000\050\000P\000e\000r\000\040\000O\000c\000c\000u\000p\000a\000t\000i\000o\000n\000\051}{section.7}% 51
\BOOKMARK [1][-]{section.8}{\376\377\000S\000i\000m\000u\000l\000a\000t\000i\000o\000n\000\040\000R\000e\000s\000u\000l\000t\000s\000\040\000a\000n\000d\000\040\000S\000e\000n\000s\000i\000t\000i\000v\000i\000t\000y\000\040\000A\000n\000a\000l\000y\000s\000i\000s}{}% 52
\BOOKMARK [1][-]{section.9}{\376\377\000D\000i\000s\000c\000u\000s\000s\000i\000o\000n\000:\000\040\000S\000t\000r\000e\000n\000g\000t\000h\000s\000\040\000a\000n\000d\000\040\000W\000e\000a\000k\000n\000e\000s\000s\000e\000s}{}% 53
\BOOKMARK [2][-]{subsection.9.1}{\376\377\000S\000t\000r\000e\000n\000g\000t\000h\000s}{section.9}% 54
\BOOKMARK [2][-]{subsection.9.2}{\376\377\000W\000e\000a\000k\000n\000e\000s\000s\000e\000s}{section.9}% 55
\BOOKMARK [1][-]{section.10}{\376\377\000C\000o\000n\000c\000l\000u\000s\000i\000o\000n}{}% 56
\BOOKMARK [1][-]{section*.38}{\376\377\000A\000p\000p\000e\000n\000d\000i\000c\000e\000s}{}% 57
\BOOKMARK [1][-]{appendix.1.A}{\376\377\000A\000p\000p\000e\000n\000d\000i\000x\000\040\000P\000y\000t\000h\000o\000n\000\040\000I\000m\000p\000l\000e\000m\000e\000n\000t\000a\000t\000i\000o\000n\000\040\000C\000o\000d\000e}{}% 58
