\BOOKMARK [1][-]{section.1}{\376\377\137\025\212\000}{}% 1
\BOOKMARK [2][-]{subsection.1.1}{\376\377\170\024\172\166\200\314\146\157\116\016\122\250\147\072}{section.1}% 2
\BOOKMARK [2][-]{subsection.1.2}{\376\377\225\356\230\230\221\315\217\360}{section.1}% 3
\BOOKMARK [1][-]{section.2}{\376\377\120\107\213\276\116\016\173\046\123\367}{}% 4
\BOOKMARK [2][-]{subsection.2.1}{\376\377\127\372\147\054\120\107\213\276}{section.2}% 5
\BOOKMARK [2][-]{subsection.2.2}{\376\377\173\046\123\367\133\232\116\111}{section.2}% 6
\BOOKMARK [1][-]{section.3}{\376\377\152\041\127\213\147\204\136\372\116\016\133\236\163\260}{}% 7
\BOOKMARK [2][-]{subsection.3.1}{\376\377\116\011\116\052\230\206\127\337\166\204\200\114\116\032\220\011\142\351}{section.3}% 8
\BOOKMARK [3][-]{subsubsection.3.1.1}{\376\377\127\372\116\216\000O\000*\000N\000E\000T\166\204\200\114\116\032\162\171\137\201\123\302\145\160}{subsection.3.1}% 9
\BOOKMARK [2][-]{subsection.3.2}{\376\377\200\114\116\032\157\024\123\026\166\204\152\041\127\213\147\204\136\372}{section.3}% 10
\BOOKMARK [3][-]{subsubsection.3.2.1}{\376\377\116\373\122\241\134\102\122\250\140\001\230\204\155\113\152\041\127\213}{subsection.3.2}% 11
\BOOKMARK [3][-]{subsubsection.3.2.2}{\376\377\134\006\040\034\123\321\134\125\217\150\217\371\040\035\116\016\040\034\116\373\122\241\227\000\154\102\040\035\175\047\133\306\200\046\124\010}{subsection.3.2}% 12
\BOOKMARK [3][-]{subsubsection.3.2.3}{\376\377\143\242\175\042\142\100\220\011\116\011\116\052\200\114\116\032\166\204\147\052\147\145}{subsection.3.2}% 13
\BOOKMARK [2][-]{subsection.3.3}{\376\377\145\131\200\262\230\171\166\356\116\016\000G\000e\000n\000-\000A\000I\145\164\124\010\173\126\165\145}{section.3}% 14
\BOOKMARK [3][-]{subsubsection.3.3.1}{\376\377\121\103\152\041\127\213\377\032\134\061\116\032\040\023\116\272\145\207\040\023\000A\000I\000\040\221\315\123\340}{subsection.3.3}% 15
\BOOKMARK [3][-]{subsubsection.3.3.2}{\376\377\147\072\147\204\176\247\142\030\165\145\136\372\213\256}{subsection.3.3}% 16
\BOOKMARK [1][-]{section.4}{\376\377\116\377\167\037\176\323\147\234\116\016\145\117\141\037\140\047\122\006\147\220}{}% 17
\BOOKMARK [2][-]{subsection.4.1}{\376\377\200\114\116\032\220\011\142\351\166\204\145\117\141\037\136\246\122\006\147\220}{section.4}% 18
\BOOKMARK [2][-]{subsection.4.2}{\376\377\134\061\116\032\123\273\124\021\000\040\000O\000\040\166\204\176\323\147\204\145\117\141\037\140\047}{section.4}% 19
\BOOKMARK [1][-]{section.5}{\376\377\213\250\213\272\377\032\117\030\122\277\116\016\116\015\215\263}{}% 20
\BOOKMARK [2][-]{subsection.5.1}{\376\377\117\030\122\277}{section.5}% 21
\BOOKMARK [2][-]{subsection.5.2}{\376\377\116\015\215\263}{section.5}% 22
\BOOKMARK [1][-]{section*.36}{\376\377\000A\000p\000p\000e\000n\000d\000i\000c\000e\000s}{}% 23
\BOOKMARK [2][-]{subsection.1..1}{\376\377\116\214\176\364\142\225\137\161\227\142\171\357\121\154\137\017}{section*.36}% 24
\BOOKMARK [2][-]{subsection.1..2}{\376\377\210\145\121\105\213\364\146\016\377\032\116\373\122\241\000D\000N\000A\145\207\147\054\126\376\117\213}{section*.36}% 25
\BOOKMARK [2][-]{subsection.1..3}{\376\377\145\131\200\262\230\171\166\356\143\250\203\120\213\346\210\150}{section*.36}% 26
